|j|☆AI damage calc
|j|☆killerjc123
|html|<table width="100%"><tr><td align="left">AI damage calc</td><td align="right">killerjc123</tr><tr><td align="left"><i class="fa fa-circle"></i> <i class="fa fa-circle-o"></i> </td><td align="right"><i class="fa fa-circle-o"></i> <i class="fa fa-circle"></i> </tr></table>
|uhtml|bestof|<h2><strong>Game 3</strong> of <a href="/game-bestof3-gen9championsvgc2026regmcbo3-2683340563">a best-of-3</a></h2>
|t:|1789701696
|gametype|doubles
|player|p1|AI damage calc|1|1123
|player|p2|killerjc123|169|1168
|gen|9
|tier|[Gen 9 Champions] VGC 2026 Reg M-C (Bo3)
|rated|
|rule|Species Clause: Limit one of each Pokémon
|rule|Item Clause: Limit 1 of each item
|clearpoke
|poke|p1|Gholdengo, L50|
|poke|p1|Sneasler, L50, M|
|poke|p1|Raichu, L50, F|
|poke|p1|Arcanine-Hisui, L50, M|
|poke|p1|Rillaboom, L50, F|
|poke|p1|Salamence, L50, M|
|poke|p2|Salamence, L50, F|
|poke|p2|Tyranitar, L50, F|
|poke|p2|Excadrill, L50, M|
|poke|p2|Sneasler, L50, M|
|poke|p2|Indeedee, L50, M|
|poke|p2|Milotic, L50, F|
|teampreview|4
|showteam|p1|Gholdengo||LifeOrb|GoodasGold|Protect,MakeItRain,ShadowBall,NastyPlot|Timid|||||50|]Sneasler||GrassySeed|Unburden|CloseCombat,DireClaw,RockTomb,FakeOut|Adamant||M|||50|]Raichu||RaichuniteY|LightningRod|FakeOut,Protect,ZapCannon,FocusBlast|Timid||F|||50|]Arcanine-Hisui||FocusSash|RockHead|FlareBlitz,HeadSmash,ExtremeSpeed,Protect|Jolly||M|||50|]Rillaboom||MiracleSeed|GrassySurge|FakeOut,GrassyGlide,HighHorsepower,Uturn|Adamant||F|||50|]Salamence||Salamencite|Intimidate|HyperVoice,DracoMeteor,Tailwind,Protect|Timid||M|||50|
|showteam|p2|Salamence||Salamencite|Intimidate|HyperVoice,DracoMeteor,Protect,Flamethrower|Modest||F|||50|]Tyranitar||Tyranitarite|SandStream|Protect,RockSlide,LowKick,KnockOff|Adamant||F|||50|]Excadrill||FocusSash|SandRush|HighHorsepower,RockSlide,Protect,IronHead|Jolly||M|||50|]Sneasler||PsychicSeed|Unburden|CloseCombat,ThroatChop,DireClaw,FakeOut|Jolly||M|||50|]Indeedee||ChoiceScarf|PsychicSurge|Trick,TerrainPulse,ExpandingForce,MysticalFire|Modest||M|||50|]Milotic||Leftovers|Competitive|Scald,LifeDew,IcyWind,Protect|Modest||F|||50|
|
|t:|1789701725
|teamsize|p1|4
|teamsize|p2|4
|start
|switch|p1a: Salamence|Salamence, L50, M|100/100
|switch|p1b: Rillaboom|Rillaboom, L50, F|100/100
|switch|p2a: Salamence|Salamence, L50, F|100/100
|switch|p2b: Milotic|Milotic, L50, F|100/100
|-ability|p1a: Salamence|Intimidate|boost
|-unboost|p2a: Salamence|atk|1
|-unboost|p2b: Milotic|atk|1
|-ability|p2b: Milotic|Competitive|boost
|-boost|p2b: Milotic|spa|2
|-ability|p2a: Salamence|Intimidate|boost
|-unboost|p1a: Salamence|atk|1
|-unboost|p1b: Rillaboom|atk|1
|-fieldstart|move: Grassy Terrain|[from] ability: Grassy Surge|[of] p1b: Rillaboom
|turn|1
|
|t:|1789701745
|switch|p2a: Indeedee|Indeedee, L50, M|100/100
|-fieldstart|move: Psychic Terrain|[from] ability: Psychic Surge|[of] p2a: Indeedee
|move|p1a: Salamence|Protect|p1a: Salamence
|-singleturn|p1a: Salamence|Protect
|move|p1b: Rillaboom|U-turn|p2a: Indeedee
|-supereffective|p2a: Indeedee|1
|-damage|p2a: Indeedee|27/100
|
|t:|1789701748
|switch|p1b: Gholdengo|Gholdengo, L50|100/100|[from] U-turn
|move|p2b: Milotic|Icy Wind|p1b: Gholdengo|[spread] p1b
|-activate|p1a: Salamence|move: Protect
|-resisted|p1b: Gholdengo|1
|-damage|p1b: Gholdengo|84/100
|-unboost|p1b: Gholdengo|spe|1
|
|upkeep
|turn|2
|
|t:|1789701764
|switch|p1a: Rillaboom|Rillaboom, L50, F|100/100
|-fieldstart|move: Grassy Terrain|[from] ability: Grassy Surge|[of] p1a: Rillaboom
|move|p2a: Indeedee|Mystical Fire|p1b: Gholdengo
|-supereffective|p1b: Gholdengo|1
|-damage|p1b: Gholdengo|24/100
|-unboost|p1b: Gholdengo|spa|1
|move|p2b: Milotic|Icy Wind|p1a: Rillaboom|[spread] p1a,p1b
|-supereffective|p1a: Rillaboom|1
|-resisted|p1b: Gholdengo|1
|-crit|p1b: Gholdengo
|-damage|p1a: Rillaboom|46/100
|-damage|p1b: Gholdengo|1/100
|-unboost|p1a: Rillaboom|spe|1
|-unboost|p1b: Gholdengo|spe|1
|move|p1b: Gholdengo|Make It Rain|p2b: Milotic|[spread] p2a,p2b
|-resisted|p2b: Milotic|1
|-damage|p2a: Indeedee|0 fnt
|-damage|p2b: Milotic|86/100
|-unboost|p1b: Gholdengo|spa|2
|faint|p2a: Indeedee
|-damage|p1b: Gholdengo|0 fnt|[from] item: Life Orb
|faint|p1b: Gholdengo
|
|-heal|p2b: Milotic|92/100|[from] Grassy Terrain
|-heal|p2b: Milotic|98/100|[from] item: Leftovers
|-heal|p1a: Rillaboom|52/100|[from] Grassy Terrain
|upkeep
|
|t:|1789701790
|switch|p1b: Sneasler|Sneasler, L50, M|100/100
|switch|p2a: Sneasler|Sneasler, L50, M|100/100
|-enditem|p1b: Sneasler|Grassy Seed
|-boost|p1b: Sneasler|def|1|[from] item: Grassy Seed
|turn|3
|
|t:|1789701803
|move|p2b: Milotic|Protect|p2b: Milotic
|-singleturn|p2b: Milotic|Protect
|move|p1b: Sneasler|Fake Out|p2a: Sneasler
|-damage|p2a: Sneasler|77/100
|move|p1a: Rillaboom|Grassy Glide|p2b: Milotic
|-activate|p2b: Milotic|move: Protect
|cant|p2a: Sneasler|flinch
|
|-heal|p2a: Sneasler|82/100|[from] Grassy Terrain
|-heal|p2b: Milotic|100/100|[from] Grassy Terrain
|-heal|p1a: Rillaboom|58/100|[from] Grassy Terrain
|upkeep
|turn|4
|
|t:|1789701820
|switch|p2a: Salamence|Salamence, L50, F|100/100
|-ability|p2a: Salamence|Intimidate|boost
|-unboost|p1a: Rillaboom|atk|1
|-unboost|p1b: Sneasler|atk|1
|move|p1b: Sneasler|Dire Claw|p2a: Salamence
|-damage|p2a: Salamence|65/100
|-status|p2a: Salamence|par
|move|p2b: Milotic|Icy Wind|p1a: Rillaboom|[spread] p1a,p1b
|-supereffective|p1a: Rillaboom|1
|-damage|p1a: Rillaboom|7/100
|-damage|p1b: Sneasler|68/100
|-unboost|p1a: Rillaboom|spe|1
|-unboost|p1b: Sneasler|spe|1
|move|p1a: Rillaboom|High Horsepower|p2a: Salamence
|-immune|p2a: Salamence
|
|-heal|p1b: Sneasler|74/100|[from] Grassy Terrain
|-heal|p1a: Rillaboom|13/100|[from] Grassy Terrain
|upkeep
|turn|5
|
|t:|1789701842
|switch|p1a: Salamence|Salamence, L50, M|100/100
|-ability|p1a: Salamence|Intimidate|boost
|-unboost|p2a: Salamence|atk|1
|-unboost|p2b: Milotic|atk|1
|-ability|p2b: Milotic|Competitive|boost
|-boost|p2b: Milotic|spa|2
|detailschange|p2a: Salamence|Salamence-Mega, L50, F
|-mega|p2a: Salamence|Salamence|Salamencite
|move|p2b: Milotic|Protect|p2b: Milotic
|-singleturn|p2b: Milotic|Protect
|move|p1b: Sneasler|Rock Tomb|p2a: Salamence
|-supereffective|p2a: Salamence|1
|-damage|p2a: Salamence|41/100 par
|-unboost|p2a: Salamence|spe|1
|move|p2a: Salamence|Hyper Voice|p1b: Sneasler|[spread] p1a,p1b
|-supereffective|p1b: Sneasler|1
|-crit|p1b: Sneasler
|-damage|p1a: Salamence|55/100
|-damage|p1b: Sneasler|0 fnt
|faint|p1b: Sneasler
|
|upkeep
|
|t:|1789701845
|switch|p1b: Rillaboom|Rillaboom, L50, F|13/100
|turn|6
|inactive|Battle timer is ON: inactive players will automatically lose when time's up. (requested by AI damage calc)
|
|t:|1789701877
|detailschange|p1a: Salamence|Salamence-Mega, L50, M
|-mega|p1a: Salamence|Salamence|Salamencite
|move|p1b: Rillaboom|Grassy Glide|p2b: Milotic
|-supereffective|p2b: Milotic|1
|-damage|p2b: Milotic|1/100
|move|p1a: Salamence|Hyper Voice|p2a: Salamence|[spread] p2a,p2b
|-damage|p2a: Salamence|4/100 par
|-damage|p2b: Milotic|0 fnt
|faint|p2b: Milotic
|move|p2a: Salamence|Hyper Voice|p1a: Salamence|[spread] p1a,p1b
|-supereffective|p1b: Rillaboom|1
|-damage|p1a: Salamence|13/100
|-damage|p1b: Rillaboom|0 fnt
|faint|p1b: Rillaboom
|
|-fieldend|move: Grassy Terrain
|upkeep
|
|t:|1789701890
|switch|p2b: Sneasler|Sneasler, L50, M|82/100
|turn|7
|
|t:|1789701909
|move|p1a: Salamence|Protect|p1a: Salamence
|-singleturn|p1a: Salamence|Protect
|move|p2b: Sneasler|Fake Out|p1a: Salamence
|-activate|p1a: Salamence|move: Protect
|move|p2a: Salamence|Hyper Voice|p1a: Salamence
|-activate|p1a: Salamence|move: Protect
|
|upkeep
|turn|8
|
|t:|1789701928
|move|p1a: Salamence|Hyper Voice|p2a: Salamence|[spread] p2a,p2b
|-supereffective|p2b: Sneasler|1
|-damage|p2a: Salamence|0 fnt
|-damage|p2b: Sneasler|0 fnt
|faint|p2a: Salamence
|faint|p2b: Sneasler
|
|win|AI damage calc
|raw|AI damage calc's rating: 1143 &rarr; <strong>1170</strong><br />(+27 for winning)
|raw|killerjc123's rating: 1168 &rarr; <strong>1141</strong><br />(-27 for losing)
|l|☆killerjc123
|player|p2|
